// Jest Snapshot v1, https://goo.gl/fbAQLP

exports[`FilmCard is rendered correctly 1`] = `
<article
  className="small-movie-card catalog__movies-card"
>
  <div
    className="small-movie-card__image"
    onClick={[Function]}
    onMouseEnter={[Function]}
  >
    <video>
      Sorry, your browser doesn't support embedded videos.
    </video>
  </div>
  <h3
    className="small-movie-card__title"
    onClick={[Function]}
  >
    <a
      className="small-movie-card__link"
    >
      Fantastic Beasts: The Crimes of Grindelwald
    </a>
  </h3>
</article>
`;
